// Vitest Snapshot v1, https://vitest.dev/guide/snapshot.html

exports[`Static catalog arrays (snapshot) > SUBSYSTEMS matches snapshot 1`] = `
[
  {
    "name": "Plinth",
    "num": "01",
    "phase": "P1",
    "stack": "Stylus · Rust",
    "sub": "Margin engine",
  },
  {
    "name": "Vigil",
    "num": "02",
    "phase": "P1",
    "stack": "Stylus · Rust",
    "sub": "Liquidation engine",
  },
  {
    "name": "Stoa",
    "num": "03",
    "phase": "P2",
    "stack": "Stylus · Rust",
    "sub": "Options pricing",
  },
  {
    "name": "Portico",
    "num": "04",
    "phase": "P1",
    "stack": "Solidity · OZ",
    "sub": "Venue framework",
  },
  {
    "name": "Aqueduct",
    "num": "05",
    "phase": "P1",
    "stack": "Solidity · CCIP",
    "sub": "Cross-chain bridge",
  },
  {
    "name": "Sigil",
    "num": "06",
    "phase": "P1",
    "stack": "Stylus · ERC-8004",
    "sub": "Agent credit",
  },
  {
    "name": "Rostrum",
    "num": "07",
    "phase": "P1",
    "stack": "Solidity · Indexer",
    "sub": "Agent marketplace",
  },
  {
    "name": "Codex",
    "num": "08",
    "phase": "P1",
    "stack": "Node · x402",
    "sub": "Paid agent APIs",
  },
  {
    "name": "Scribe",
    "num": "09",
    "phase": "P1",
    "stack": "The Graph",
    "sub": "Indexer",
  },
  {
    "name": "Archive",
    "num": "10",
    "phase": "P1",
    "stack": "Python",
    "sub": "Off-chain risk lab",
  },
  {
    "name": "Lantern",
    "num": "11",
    "phase": "P1",
    "stack": "Vercel · Merkle",
    "sub": "Proof-of-reserves",
  },
  {
    "name": "Coffer",
    "num": "12",
    "phase": "P1",
    "stack": "Stylus · OZ",
    "sub": "ERC-4626 vaults",
  },
  {
    "name": "Edict",
    "num": "13",
    "phase": "P1",
    "stack": "Solidity · Sumsub",
    "sub": "Jurisdiction tiers",
  },
  {
    "name": "Tablet",
    "num": "14",
    "phase": "P1",
    "stack": "Node",
    "sub": "Tax reporting",
  },
  {
    "name": "Praetor",
    "num": "15",
    "phase": "P1",
    "stack": "Rust · Foundry",
    "sub": "CLI · ops",
  },
  {
    "name": "Cohort",
    "num": "16",
    "phase": "P1",
    "stack": "BD · 5–8 firms",
    "sub": "Design partners",
  },
  {
    "name": "Curator",
    "num": "17",
    "phase": "P1",
    "stack": "ARB · $20–50K",
    "sub": "Adapter grants",
  },
  {
    "name": "Postern",
    "num": "18",
    "phase": "P1",
    "stack": "ERC-4337 · 7702",
    "sub": "Wallet abstraction",
  },
]
`;

exports[`Static catalog arrays (snapshot) > TECHNOLOGY_STACK matches snapshot 1`] = `
[
  "Arbitrum",
  "Stylus",
  "Chainlink CCIP",
  "Pyth Network",
  "The Graph",
  "ERC-4337",
  "ERC-8004",
  "x402",
]
`;

exports[`Static catalog arrays (snapshot) > VENUES matches snapshot 1`] = `
[
  {
    "asset": "USDC · WETH",
    "chain": "Arbitrum Sepolia",
    "id": "hl3",
    "illustrativeCollateral": 1247820,
    "name": "Hyperliquid HIP-3",
    "short": "HL-HIP3",
    "type": "Tokenized-stock perps",
  },
  {
    "asset": "USDC",
    "chain": "Arbitrum Sepolia",
    "id": "hl4",
    "illustrativeCollateral": 483160,
    "name": "Hyperliquid HIP-4",
    "short": "HL-HIP4",
    "type": "Permissioned perps",
  },
  {
    "asset": "aUSDC · USTB",
    "chain": "Arbitrum Sepolia",
    "id": "aav",
    "illustrativeCollateral": 892440,
    "name": "Aave Horizon",
    "short": "AAVE-V3",
    "type": "RWA collateral",
  },
  {
    "asset": "PT-stETH",
    "chain": "Arbitrum Sepolia",
    "id": "pen",
    "illustrativeCollateral": 320500,
    "name": "Pendle V2",
    "short": "PENDLE",
    "type": "Fixed-yield · PT",
  },
  {
    "asset": "3pool LP",
    "chain": "Ethereum Sepolia",
    "id": "cur",
    "illustrativeCollateral": 186720,
    "name": "Curve",
    "short": "CURVE",
    "type": "Stableswap LP",
  },
  {
    "asset": "WETH · WBTC",
    "chain": "Arbitrum Sepolia",
    "id": "trd",
    "illustrativeCollateral": 401890,
    "name": "Trade.xyz",
    "short": "TRADE",
    "type": "RFQ · dark pool",
  },
  {
    "asset": "USDC",
    "chain": "via Aqueduct",
    "id": "pmk",
    "illustrativeCollateral": 58200,
    "name": "Polymarket",
    "short": "PMK",
    "type": "Prediction · CTF",
  },
  {
    "asset": "-",
    "chain": "Robinhood testnet",
    "id": "rhc",
    "illustrativeCollateral": 0,
    "name": "RH-Chain",
    "pending": true,
    "short": "RH-NTV",
    "type": "Native spot · pending",
  },
]
`;
